 rzhidmap

 Timestamp is 507fcbfd (Thu Oct 18 17:29:33 2012)

 Preferred load address is 0000000000010000

 Start         Length     Name                   Class
 0001:00000000 0000060aH .text                   CODE
 0002:00000000 00000038H .idata$5                DATA
 0002:00000040 0000001cH .rdata                  DATA
 0002:0000005c 00000072H .rdata$debug            DATA
 0002:000000d0 0000004cH .xdata                  DATA
 0003:00000000 00000110H .data                   DATA
 0004:00000000 0000006cH .pdata                  DATA
 0005:00000000 0000001bH PAGE                    CODE
 0006:00000000 0000013aH INIT                    CODE
 0006:0000013c 00000028H .idata$2                CODE
 0006:00000164 00000014H .idata$3                CODE
 0006:00000178 00000038H .idata$4                CODE
 0006:000001b0 0000007aH .idata$6                CODE
 0007:00000000 00000058H .rsrc$01                DATA
 0007:00000060 00000340H .rsrc$02                DATA

  Address         Publics by Value              Rva+Base               Lib:Object

 0000:00000000       ___safe_se_handler_table   0000000000000000     <absolute>
 0000:00000000       ___safe_se_handler_count   0000000000000000     <absolute>
 0001:00000008       HidKmdfPassThrough         0000000000011008 f   rzhidmapwdm:rzhidmap.obj
 0001:00000064       HidKmdfPowerPassThrough    0000000000011064 f   rzhidmapwdm:rzhidmap.obj
 0001:000000d0       __security_check_cookie    00000000000110d0 f   BufferOverflowK:amdsecgs.obj
 0001:000000f8       __report_gsfailure         00000000000110f8 f   BufferOverflowK:gs_report.obj
 0001:00000126       HidRegisterMinidriver      0000000000011126 f   hidclass:HIDCLASS.SYS
 0001:00000140       memcpy                     0000000000011140 f   ntoskrnl:memcpy.obj
 0001:00000140       memmove                    0000000000011140     ntoskrnl:memcpy.obj
 0001:0000047c       __GSHandlerCheckCommon     000000000001147c f   ntoskrnl:gshandler.obj
 0001:000004e8       __GSHandlerCheck           00000000000114e8 f   ntoskrnl:gshandler.obj
 0001:00000520       memset                     0000000000011520 f   ntoskrnl:memset.obj
 0002:00000000       __imp_HidRegisterMinidriver 0000000000012000     hidclass:HIDCLASS.SYS
 0002:00000008       \177HIDCLASS_NULL_THUNK_DATA 0000000000012008     hidclass:HIDCLASS.SYS
 0002:00000010       __imp_KeBugCheckEx         0000000000012010     ntoskrnl:ntoskrnl.exe
 0002:00000018       __imp_IofCallDriver        0000000000012018     ntoskrnl:ntoskrnl.exe
 0002:00000020       __imp_PoCallDriver         0000000000012020     ntoskrnl:ntoskrnl.exe
 0002:00000028       __imp_PoStartNextPowerIrp  0000000000012028     ntoskrnl:ntoskrnl.exe
 0002:00000030       \177ntoskrnl_NULL_THUNK_DATA 0000000000012030     ntoskrnl:ntoskrnl.exe
 0003:00000000       HotPatchBuffer             0000000000013000     hotpatch.obj
 0003:00000100       __security_cookie          0000000000013100     BufferOverflowK:gs_support.obj
 0003:00000108       __security_cookie_complement 0000000000013108     BufferOverflowK:gs_support.obj
 0005:00000008       HidKmdfAddDevice           0000000000015008 f   rzhidmapwdm:rzhidmap.obj
 0005:00000018       HidKmdfUnload              0000000000015018 f   rzhidmapwdm:rzhidmap.obj
 0006:00000008       DriverEntry                0000000000016008 f   rzhidmapwdm:rzhidmap.obj
 0006:000000c0       __security_init_cookie     00000000000160c0 f   BufferOverflowK:gs_support.obj
 0006:0000011c       GsDriverEntry              000000000001611c f   BufferOverflowK:gs_support.obj
 0006:0000013c       __IMPORT_DESCRIPTOR_ntoskrnl 000000000001613c     ntoskrnl:ntoskrnl.exe
 0006:00000150       __IMPORT_DESCRIPTOR_HIDCLASS 0000000000016150     hidclass:HIDCLASS.SYS
 0006:00000164       __NULL_IMPORT_DESCRIPTOR   0000000000016164     ntoskrnl:ntoskrnl.exe

 entry point at        0006:0000011c

 Static symbols

